../Core/Src/main.c:74:6:UART_TransmitMessage	16	static
../Core/Src/main.c:78:6:BH1750_Init	24	static
../Core/Src/main.c:87:6:HAL_TIM_PeriodElapsedCallback	16	static
../Core/Src/main.c:96:7:BH1750_ReadLux	24	static
../Core/Src/main.c:107:6:zad2	16	static
../Core/Src/main.c:120:6:zad3	16	static
../Core/Src/main.c:129:6:SetPWM	32	static
../Core/Src/main.c:141:6:zad5	8	static
../Core/Src/main.c:159:5:main	8	static
../Core/Src/main.c:215:6:SystemClock_Config	88	static
../Core/Src/main.c:268:6:Error_Handler	4	static,ignoring_inline_asm
