14:52:40 **** Incremental Build of configuration Debug for project SPIlab6v2 ****
make -j12 all 
arm-none-eabi-gcc "../Core/Src/main.c" -mcpu=cortex-m7 -std=gnu11 -g3 -DDEBUG -DUSE_HAL_DRIVER -DSTM32F746xx -c -I../Core/Inc -I../Drivers/STM32F7xx_HAL_Driver/Inc -I../Drivers/STM32F7xx_HAL_Driver/Inc/Legacy -I../Drivers/CMSIS/Device/ST/STM32F7xx/Include -I../Drivers/CMSIS/Include -O0 -ffunction-sections -fdata-sections -Wall -fstack-usage -fcyclomatic-complexity -MMD -MP -MF"Core/Src/main.d" -MT"Core/Src/main.o" --specs=nano.specs -mfpu=fpv5-sp-d16 -mfloat-abi=hard -mthumb -o "Core/Src/main.o"
../Core/Src/main.c: In function 'BMP_Readyte':
../Core/Src/main.c:121:17: warning: unused variable 'reg' [-Wunused-variable]
  121 |         uint8_t reg = 0xD0;//tutaj podajesz adres swojego regulatora który Ci wypluł przez uart przy inicie
      |                 ^~~
../Core/Src/main.c: In function 'zad4':
../Core/Src/main.c:324:1: warning: control reaches end of non-void function [-Wreturn-type]
  324 | }
      | ^
arm-none-eabi-gcc -o "SPIlab6v2.elf" @"objects.list"   -mcpu=cortex-m7 -T"D:\studiarzeczy\workspaces\SPIlab6v2\STM32F746ZGTX_FLASH.ld" --specs=nosys.specs -Wl,-Map="SPIlab6v2.map" -Wl,--gc-sections -static -u _printf_float --specs=nano.specs -mfpu=fpv5-sp-d16 -mfloat-abi=hard -mthumb -Wl,--start-group -lc -lm -Wl,--end-group
Finished building target: SPIlab6v2.elf
 
arm-none-eabi-size  SPIlab6v2.elf 
arm-none-eabi-objdump -h -S SPIlab6v2.elf  > "SPIlab6v2.list"
   text	   data	    bss	    dec	    hex	filename
  41188	    788	   3908	  45884	   b33c	SPIlab6v2.elf
Finished building: default.size.stdout
 
Finished building: SPIlab6v2.list
 

14:52:41 Build Finished. 0 errors, 2 warnings. (took 1s.79ms)

