14:18:32 **** Incremental Build of configuration Debug for project TIMlab3 ****
make -j12 all 
arm-none-eabi-gcc "../Core/Src/main.c" -mcpu=cortex-m7 -std=gnu11 -g3 -DDEBUG -DUSE_HAL_DRIVER -DSTM32F746xx -c -I../Core/Inc -I../Drivers/STM32F7xx_HAL_Driver/Inc -I../Drivers/STM32F7xx_HAL_Driver/Inc/Legacy -I../Drivers/CMSIS/Device/ST/STM32F7xx/Include -I../Drivers/CMSIS/Include -O0 -ffunction-sections -fdata-sections -Wall -fstack-usage -fcyclomatic-complexity -MMD -MP -MF"Core/Src/main.d" -MT"Core/Src/main.o" --specs=nano.specs -mfpu=fpv5-sp-d16 -mfloat-abi=hard -mthumb -o "Core/Src/main.o"
arm-none-eabi-gcc -o "TIMlab3.elf" @"objects.list"   -mcpu=cortex-m7 -T"D:\studiarzeczy\workspaces\TIMlab3\STM32F746ZGTX_FLASH.ld" --specs=nosys.specs -Wl,-Map="TIMlab3.map" -Wl,--gc-sections -static --specs=nano.specs -mfpu=fpv5-sp-d16 -mfloat-abi=hard -mthumb -Wl,--start-group -lc -lm -Wl,--end-group
Finished building target: TIMlab3.elf
 
arm-none-eabi-size  TIMlab3.elf 
arm-none-eabi-objdump -h -S TIMlab3.elf  > "TIMlab3.list"
   text	   data	    bss	    dec	    hex	filename
  20992	    332	   3356	  24680	   6068	TIMlab3.elf
Finished building: default.size.stdout
 
Finished building: TIMlab3.list
 

14:18:34 Build Finished. 0 errors, 0 warnings. (took 1s.892ms)

